Design Assistant report for top
Wed Jul 29 19:40:33 2020
Quartus Prime Version 20.2.0 Build 50 06/11/2020 SC Pro Edition


---------------------
; Table of Contents ;
---------------------
  1. Legal Notice
  2. Design Assistant (Synthesized) Results - 1 of 6 Rules Failed
  3. RES-30132 - Registers May Not Be Properly Reset
  4. RES-30133 - Embedded Memory Blocks with Initialized Content That Might be Affected by Spurious Writes
  5. RES-30131 - Reset Nets with Polarity Conflict
  6. TMC-20052 - Inferred Latch Count Check
  7. TMC-20500 - Hierarchical Tree Duplication candidates with shallower duplication than possible
  8. TMC-20501 - Hierarchical Tree Duplication was Shallower than Requested



----------------
; Legal Notice ;
----------------
Copyright (C) 2020  Intel Corporation. All rights reserved.
Your use of Intel Corporation's design tools, logic functions 
and other software and tools, and any partner logic 
functions, and any output files from any of the foregoing 
(including device programming or simulation files), and any 
associated documentation or information are expressly subject 
to the terms and conditions of the Intel Program License 
Subscription Agreement, the Intel Quartus Prime License Agreement,
the Intel FPGA IP License Agreement, or other applicable license
agreement, including, without limitation, that your use is for
the sole purpose of programming logic devices manufactured by
Intel and sold by Intel or its authorized distributors.  Please
refer to the applicable agreement for further details, at
https://fpgasoftware.intel.com/eula.



+-------------------------------------------------------------------------------------------------------------------------------+
; Design Assistant (Synthesized) Results - 1 of 6 Rules Failed                                                                  ;
+-------------------------------------------------------------------------------------------------------+----------+------------+
; Rule                                                                                                  ; Severity ; Violations ;
+-------------------------------------------------------------------------------------------------------+----------+------------+
; RES-30132 - Registers May Not Be Properly Reset                                                       ; Medium   ; 64         ;
; RES-30133 - Embedded Memory Blocks with Initialized Content That Might be Affected by Spurious Writes ; High     ; 0          ;
; RES-30131 - Reset Nets with Polarity Conflict                                                         ; Medium   ; 0          ;
; TMC-20052 - Inferred Latch Count Check                                                                ; Low      ; 0          ;
; TMC-20500 - Hierarchical Tree Duplication candidates with shallower duplication than possible         ; Low      ; 0          ;
; TMC-20501 - Hierarchical Tree Duplication was Shallower than Requested                                ; Low      ; 0          ;
+-------------------------------------------------------------------------------------------------------+----------+------------+


Status:		FAIL
Severity:		Medium
Number of violations: 	64
Rule Parameters:      	
+-------------------------------------------------+
; RES-30132 - Registers May Not Be Properly Reset ;
+-------------------------------------------------+
; Register Node                                   ;
+-------------------------------------------------+
; uFPGACHIP|_T_31[0]                              ;
; uFPGACHIP|_T_31[10]                             ;
; uFPGACHIP|_T_31[11]                             ;
; uFPGACHIP|_T_31[12]                             ;
; uFPGACHIP|_T_31[13]                             ;
; uFPGACHIP|_T_31[14]                             ;
; uFPGACHIP|_T_31[15]                             ;
; uFPGACHIP|_T_31[16]                             ;
; uFPGACHIP|_T_31[17]                             ;
; uFPGACHIP|_T_31[18]                             ;
; uFPGACHIP|_T_31[19]                             ;
; uFPGACHIP|_T_31[1]                              ;
; uFPGACHIP|_T_31[20]                             ;
; uFPGACHIP|_T_31[21]                             ;
; uFPGACHIP|_T_31[22]                             ;
; uFPGACHIP|_T_31[23]                             ;
; uFPGACHIP|_T_31[24]                             ;
; uFPGACHIP|_T_31[25]                             ;
; uFPGACHIP|_T_31[26]                             ;
; uFPGACHIP|_T_31[27]                             ;
; uFPGACHIP|_T_31[28]                             ;
; uFPGACHIP|_T_31[29]                             ;
; uFPGACHIP|_T_31[2]                              ;
; uFPGACHIP|_T_31[30]                             ;
; uFPGACHIP|_T_31[31]                             ;
; uFPGACHIP|_T_31[32]                             ;
; uFPGACHIP|_T_31[33]                             ;
; uFPGACHIP|_T_31[34]                             ;
; uFPGACHIP|_T_31[35]                             ;
; uFPGACHIP|_T_31[36]                             ;
; uFPGACHIP|_T_31[37]                             ;
; uFPGACHIP|_T_31[38]                             ;
; uFPGACHIP|_T_31[39]                             ;
; uFPGACHIP|_T_31[3]                              ;
; uFPGACHIP|_T_31[40]                             ;
; uFPGACHIP|_T_31[41]                             ;
; uFPGACHIP|_T_31[42]                             ;
; uFPGACHIP|_T_31[43]                             ;
; uFPGACHIP|_T_31[44]                             ;
; uFPGACHIP|_T_31[45]                             ;
; uFPGACHIP|_T_31[46]                             ;
; uFPGACHIP|_T_31[47]                             ;
; uFPGACHIP|_T_31[48]                             ;
; uFPGACHIP|_T_31[49]                             ;
; uFPGACHIP|_T_31[4]                              ;
; uFPGACHIP|_T_31[50]                             ;
; uFPGACHIP|_T_31[51]                             ;
; uFPGACHIP|_T_31[52]                             ;
; uFPGACHIP|_T_31[53]                             ;
; uFPGACHIP|_T_31[54]                             ;
; uFPGACHIP|_T_31[55]                             ;
; uFPGACHIP|_T_31[56]                             ;
; uFPGACHIP|_T_31[57]                             ;
; uFPGACHIP|_T_31[58]                             ;
; uFPGACHIP|_T_31[59]                             ;
; uFPGACHIP|_T_31[5]                              ;
; uFPGACHIP|_T_31[60]                             ;
; uFPGACHIP|_T_31[61]                             ;
; uFPGACHIP|_T_31[62]                             ;
; uFPGACHIP|_T_31[63]                             ;
; uFPGACHIP|_T_31[6]                              ;
; uFPGACHIP|_T_31[7]                              ;
; uFPGACHIP|_T_31[8]                              ;
; uFPGACHIP|_T_31[9]                              ;
+-------------------------------------------------+


Status:		PASS
Severity:		High
Number of violations: 	0
Rule Parameters:      	
+-------------------------------------------------------------------------------------------------------+
; RES-30133 - Embedded Memory Blocks with Initialized Content That Might be Affected by Spurious Writes ;
+-------------------------------------------------------------------------------------------------------+


Status:		PASS
Severity:		Medium
Number of violations: 	0
Rule Parameters:      	
+-----------------------------------------------+
; RES-30131 - Reset Nets with Polarity Conflict ;
+-----------------------------------------------+


Status:		PASS
Severity:		Low
Number of violations: 	0
Rule Parameters:      	
+----------------------------------------+
; TMC-20052 - Inferred Latch Count Check ;
+----------------------------------------+


Status:		PASS
Severity:		Low
Number of violations: 	0
Rule Parameters:      	
+-----------------------------------------------------------------------------------------------+
; TMC-20500 - Hierarchical Tree Duplication candidates with shallower duplication than possible ;
+-----------------------------------------------------------------------------------------------+


Status:		PASS
Severity:		Low
Number of violations: 	0
Rule Parameters:      	
+------------------------------------------------------------------------+
; TMC-20501 - Hierarchical Tree Duplication was Shallower than Requested ;
+------------------------------------------------------------------------+


